This is pdfTeX, Version 3.141592653-2.6-1.40.29 (MiKTeX 26.2) (preloaded format=pdflatex 2026.3.20)  15 AUG 2026 13:37
entering extended mode
 restricted \write18 enabled.
 file:line:error style messages enabled.
 %&-line parsing enabled.
**c:/Users/kunda/Documents/semantics/purpose/mechanistic-synthesis/docs/directional-model-ckg-catalogue/directional-model-ckg-catalogue.tex
(c:/Users/kunda/Documents/semantics/purpose/mechanistic-synthesis/docs/directional-model-ckg-catalogue/directional-model-ckg-catalogue.tex
LaTeX2e <2025-11-01>
L3 programming layer <2026-01-19>
(C:\Users\kunda\AppData\Local\Programs\MiKTeX\tex/latex/base\article.cls
Document Class: article 2025/01/22 v1.4n Standard LaTeX document class
(C:\Users\kunda\AppData\Local\Programs\MiKTeX\tex/latex/base\size11.clo
File: size11.clo 2025/01/22 v1.4n Standard LaTeX file (size option)
)
\c@part=\count275
\c@section=\count276
\c@subsection=\count277
\c@subsubsection=\count278
\c@paragraph=\count279
\c@subparagraph=\count280
\c@figure=\count281
\c@table=\count282
\abovecaptionskip=\skip49
\belowcaptionskip=\skip50
\bibindent=\dimen148
) (C:\Users\kunda\AppData\Local\Programs\MiKTeX\tex/latex/base\inputenc.sty
Package: inputenc 2024/02/08 v1.3d Input encoding file
\inpenc@prehook=\toks17
\inpenc@posthook=\toks18
) (C:\Users\kunda\AppData\Local\Programs\MiKTeX\tex/latex/base\fontenc.sty
Package: fontenc 2025/07/18 v2.1d Standard LaTeX package
) (C:\Users\kunda\AppData\Local\Programs\MiKTeX\tex/latex/lm\lmodern.sty
Package: lmodern 2015/05/01 v1.6.1 Latin Modern Fonts
LaTeX Font Info:    Overwriting symbol font `operators' in version `normal'
(Font)                  OT1/cmr/m/n --> OT1/lmr/m/n on input line 22.
LaTeX Font Info:    Overwriting symbol font `letters' in version `normal'
(Font)                  OML/cmm/m/it --> OML/lmm/m/it on input line 23.
LaTeX Font Info:    Overwriting symbol font `symbols' in version `normal'
(Font)                  OMS/cmsy/m/n --> OMS/lmsy/m/n on input line 24.
LaTeX Font Info:    Overwriting symbol font `largesymbols' in version `normal'
(Font)                  OMX/cmex/m/n --> OMX/lmex/m/n on input line 25.
LaTeX Font Info:    Overwriting symbol font `operators' in version `bold'
(Font)                  OT1/cmr/bx/n --> OT1/lmr/bx/n on input line 26.
LaTeX Font Info:    Overwriting symbol font `letters' in version `bold'
(Font)                  OML/cmm/b/it --> OML/lmm/b/it on input line 27.
LaTeX Font Info:    Overwriting symbol font `symbols' in version `bold'
(Font)                  OMS/cmsy/b/n --> OMS/lmsy/b/n on input line 28.
LaTeX Font Info:    Overwriting symbol font `largesymbols' in version `bold'
(Font)                  OMX/cmex/m/n --> OMX/lmex/m/n on input line 29.
LaTeX Font Info:    Overwriting math alphabet `\mathbf' in version `normal'
(Font)                  OT1/cmr/bx/n --> OT1/lmr/bx/n on input line 31.
LaTeX Font Info:    Overwriting math alphabet `\mathsf' in version `normal'
(Font)                  OT1/cmss/m/n --> OT1/lmss/m/n on input line 32.
LaTeX Font Info:    Overwriting math alphabet `\mathit' in version `normal'
(Font)                  OT1/cmr/m/it --> OT1/lmr/m/it on input line 33.
LaTeX Font Info:    Overwriting math alphabet `\mathtt' in version `normal'
(Font)                  OT1/cmtt/m/n --> OT1/lmtt/m/n on input line 34.
LaTeX Font Info:    Overwriting math alphabet `\mathbf' in version `bold'
(Font)                  OT1/cmr/bx/n --> OT1/lmr/bx/n on input line 35.
LaTeX Font Info:    Overwriting math alphabet `\mathsf' in version `bold'
(Font)                  OT1/cmss/bx/n --> OT1/lmss/bx/n on input line 36.
LaTeX Font Info:    Overwriting math alphabet `\mathit' in version `bold'
(Font)                  OT1/cmr/bx/it --> OT1/lmr/bx/it on input line 37.
LaTeX Font Info:    Overwriting math alphabet `\mathtt' in version `bold'
(Font)                  OT1/cmtt/m/n --> OT1/lmtt/m/n on input line 38.
) (C:\Users\kunda\AppData\Local\Programs\MiKTeX\tex/latex/geometry\geometry.sty
Package: geometry 2026/03/07 v6.0 Page Geometry
 (C:\Users\kunda\AppData\Local\Programs\MiKTeX\tex/latex/graphics\keyval.sty
Package: keyval 2022/05/29 v1.15 key=value parser (DPC)
\KV@toks@=\toks19
) (C:\Users\kunda\AppData\Local\Programs\MiKTeX\tex/generic/iftex\ifvtex.sty
Package: ifvtex 2019/10/25 v1.7 ifvtex legacy package. Use iftex instead.
 (C:\Users\kunda\AppData\Local\Programs\MiKTeX\tex/generic/iftex\iftex.sty
Package: iftex 2024/12/12 v1.0g TeX engine tests
))
\Gm@cnth=\count283
\Gm@cntv=\count284
\c@Gm@tempcnt=\count285
\Gm@bindingoffset=\dimen149
\Gm@wd@mp=\dimen150
\Gm@odd@mp=\dimen151
\Gm@even@mp=\dimen152
\Gm@layoutwidth=\dimen153
\Gm@layoutheight=\dimen154
\Gm@layouthoffset=\dimen155
\Gm@layoutvoffset=\dimen156
\Gm@dimlist=\toks20
 (C:\Users\kunda\AppData\Local\Programs\MiKTeX\tex/latex/geometry\geometry.cfg)) (C:\Users\kunda\AppData\Local\Programs\MiKTeX\tex/latex/amsmath\amsmath.sty
Package: amsmath 2025/07/09 v2.17z AMS math features
\@mathmargin=\skip51

For additional information on amsmath, use the `?' option.
(C:\Users\kunda\AppData\Local\Programs\MiKTeX\tex/latex/amsmath\amstext.sty
Package: amstext 2024/11/17 v2.01 AMS text
 (C:\Users\kunda\AppData\Local\Programs\MiKTeX\tex/latex/amsmath\amsgen.sty
File: amsgen.sty 1999/11/30 v2.0 generic functions
\@emptytoks=\toks21
\ex@=\dimen157
)) (C:\Users\kunda\AppData\Local\Programs\MiKTeX\tex/latex/amsmath\amsbsy.sty
Package: amsbsy 1999/11/29 v1.2d Bold Symbols
\pmbraise@=\dimen158
) (C:\Users\kunda\AppData\Local\Programs\MiKTeX\tex/latex/amsmath\amsopn.sty
Package: amsopn 2022/04/08 v2.04 operator names
)
\inf@bad=\count286
LaTeX Info: Redefining \frac on input line 233.
\uproot@=\count287
\leftroot@=\count288
LaTeX Info: Redefining \overline on input line 398.
LaTeX Info: Redefining \colon on input line 409.
\classnum@=\count289
\DOTSCASE@=\count290
LaTeX Info: Redefining \ldots on input line 495.
LaTeX Info: Redefining \dots on input line 498.
LaTeX Info: Redefining \cdots on input line 619.
\Mathstrutbox@=\box53
\strutbox@=\box54
LaTeX Info: Redefining \big on input line 721.
LaTeX Info: Redefining \Big on input line 722.
LaTeX Info: Redefining \bigg on input line 723.
LaTeX Info: Redefining \Bigg on input line 724.
\big@size=\dimen159
LaTeX Font Info:    Redeclaring font encoding OML on input line 742.
LaTeX Font Info:    Redeclaring font encoding OMS on input line 743.
\macc@depth=\count291
LaTeX Info: Redefining \bmod on input line 904.
LaTeX Info: Redefining \pmod on input line 909.
LaTeX Info: Redefining \smash on input line 939.
LaTeX Info: Redefining \relbar on input line 969.
LaTeX Info: Redefining \Relbar on input line 970.
\c@MaxMatrixCols=\count292
\dotsspace@=\muskip17
\c@parentequation=\count293
\dspbrk@lvl=\count294
\tag@help=\toks22
\row@=\count295
\column@=\count296
\maxfields@=\count297
\andhelp@=\toks23
\eqnshift@=\dimen160
\alignsep@=\dimen161
\tagshift@=\dimen162
\tagwidth@=\dimen163
\totwidth@=\dimen164
\lineht@=\dimen165
\@envbody=\toks24
\multlinegap=\skip52
\multlinetaggap=\skip53
\mathdisplay@stack=\toks25
LaTeX Info: Redefining \[ on input line 2950.
LaTeX Info: Redefining \] on input line 2951.
) (C:\Users\kunda\AppData\Local\Programs\MiKTeX\tex/latex/amsfonts\amssymb.sty
Package: amssymb 2013/01/14 v3.01 AMS font symbols
 (C:\Users\kunda\AppData\Local\Programs\MiKTeX\tex/latex/amsfonts\amsfonts.sty
Package: amsfonts 2013/01/14 v3.01 Basic AMSFonts support
\symAMSa=\mathgroup4
\symAMSb=\mathgroup5
LaTeX Font Info:    Redeclaring math symbol \hbar on input line 98.
LaTeX Font Info:    Overwriting math alphabet `\mathfrak' in version `bold'
(Font)                  U/euf/m/n --> U/euf/b/n on input line 106.
)) (C:\Users\kunda\AppData\Local\Programs\MiKTeX\tex/latex/amscls\amsthm.sty
Package: amsthm 2020/05/29 v2.20.6
\thm@style=\toks26
\thm@bodyfont=\toks27
\thm@headfont=\toks28
\thm@notefont=\toks29
\thm@headpunct=\toks30
\thm@preskip=\skip54
\thm@postskip=\skip55
\thm@headsep=\skip56
\dth@everypar=\toks31
) (C:\Users\kunda\AppData\Local\Programs\MiKTeX\tex/latex/mathtools\mathtools.sty
Package: mathtools 2024/10/04 v1.31 mathematical typesetting tools
 (C:\Users\kunda\AppData\Local\Programs\MiKTeX\tex/latex/tools\calc.sty
Package: calc 2025/03/01 v4.3b Infix arithmetic (KKT,FJ)
\calc@Acount=\count298
\calc@Bcount=\count299
\calc@Adimen=\dimen166
\calc@Bdimen=\dimen167
\calc@Askip=\skip57
\calc@Bskip=\skip58
LaTeX Info: Redefining \setlength on input line 86.
LaTeX Info: Redefining \addtolength on input line 87.
\calc@Ccount=\count300
\calc@Cskip=\skip59
) (C:\Users\kunda\AppData\Local\Programs\MiKTeX\tex/latex/mathtools\mhsetup.sty
Package: mhsetup 2021/03/18 v1.4 programming setup (MH)
)
\g_MT_multlinerow_int=\count301
\l_MT_multwidth_dim=\dimen168
\origjot=\skip60
\l_MT_shortvdotswithinadjustabove_dim=\dimen169
\l_MT_shortvdotswithinadjustbelow_dim=\dimen170
\l_MT_above_intertext_sep=\dimen171
\l_MT_below_intertext_sep=\dimen172
\l_MT_above_shortintertext_sep=\dimen173
\l_MT_below_shortintertext_sep=\dimen174
\xmathstrut@box=\box55
\xmathstrut@dim=\dimen175
) (C:\Users\kunda\AppData\Local\Programs\MiKTeX\tex/latex/tools\bm.sty
Package: bm 2025/10/21 v1.2g Bold Symbol Support (DPC/FMi)
\symboldoperators=\mathgroup6
\symboldletters=\mathgroup7
\symboldsymbols=\mathgroup8
Package bm Info: No bold for \OMX/lmex/m/n, using \pmb.
Package bm Info: No bold for \U/msa/m/n, using \pmb.
Package bm Info: No bold for \U/msb/m/n, using \pmb.
LaTeX Font Info:    Redeclaring math alphabet \mathbf on input line 149.
) (C:\Users\kunda\AppData\Local\Programs\MiKTeX\tex/latex/jknappen\mathrsfs.sty
Package: mathrsfs 1996/01/01 Math RSFS package v1.0 (jk)
\symrsfs=\mathgroup9
) (C:\Users\kunda\AppData\Local\Programs\MiKTeX\tex/latex/booktabs\booktabs.sty
Package: booktabs 2020/01/12 v1.61803398 Publication quality tables
\heavyrulewidth=\dimen176
\lightrulewidth=\dimen177
\cmidrulewidth=\dimen178
\belowrulesep=\dimen179
\belowbottomsep=\dimen180
\aboverulesep=\dimen181
\abovetopsep=\dimen182
\cmidrulesep=\dimen183
\cmidrulekern=\dimen184
\defaultaddspace=\dimen185
\@cmidla=\count302
\@cmidlb=\count303
\@aboverulesep=\dimen186
\@belowrulesep=\dimen187
\@thisruleclass=\count304
\@lastruleclass=\count305
\@thisrulewidth=\dimen188
) (C:\Users\kunda\AppData\Local\Programs\MiKTeX\tex/latex/tools\array.sty
Package: array 2025/09/25 v2.6n Tabular extension package (FMi)
\col@sep=\dimen189
\ar@mcellbox=\box56
\extrarowheight=\dimen190
\NC@list=\toks32
\extratabsurround=\skip61
\backup@length=\skip62
\ar@cellbox=\box57
) (C:\Users\kunda\AppData\Local\Programs\MiKTeX\tex/latex/enumitem\enumitem.sty
Package: enumitem 2025/02/06 v3.11 Customized lists
\labelindent=\skip63
\enit@outerparindent=\dimen191
\enit@toks=\toks33
\enit@inbox=\box58
\enit@count@id=\count306
\enitdp@description=\count307
) (C:\Users\kunda\AppData\Local\Programs\MiKTeX\tex/latex/microtype\microtype.sty
Package: microtype 2026/03/01 v3.2d Micro-typographical refinements (RS)
 (C:\Users\kunda\AppData\Local\Programs\MiKTeX\tex/latex/etoolbox\etoolbox.sty
Package: etoolbox 2025/10/02 v2.5m e-TeX tools for LaTeX (JAW)
\etb@tempcnta=\count308
)
\MT@toks=\toks34
\MT@tempbox=\box59
\MT@count=\count309
LaTeX Info: Redefining \noprotrusionifhmode on input line 1084.
LaTeX Info: Redefining \leftprotrusion on input line 1085.
\MT@prot@toks=\toks35
LaTeX Info: Redefining \rightprotrusion on input line 1104.
LaTeX Info: Redefining \textls on input line 1449.
\MT@outer@kern=\dimen192
LaTeX Info: Redefining \microtypecontext on input line 2053.
LaTeX Info: Redefining \textmicrotypecontext on input line 2070.
\MT@listname@count=\count310
 (C:\Users\kunda\AppData\Local\Programs\MiKTeX\tex/latex/microtype\microtype-pdftex.def
File: microtype-pdftex.def 2026/03/01 v3.2d Definitions specific to pdftex (RS)
LaTeX Info: Redefining \lsstyle on input line 944.
LaTeX Info: Redefining \lslig on input line 944.
\MT@outer@space=\skip64
)
Package microtype Info: Loading configuration file microtype.cfg.
 (C:\Users\kunda\AppData\Local\Programs\MiKTeX\tex/latex/microtype\microtype.cfg
File: microtype.cfg 2026/03/01 v3.2d microtype main configuration file (RS)
)
LaTeX Info: Redefining \microtypesetup on input line 3065.
) (C:\Users\kunda\AppData\Local\Programs\MiKTeX\tex/latex/xcolor\xcolor.sty
Package: xcolor 2024/09/29 v3.02 LaTeX color extensions (UK)
 (C:\Users\kunda\AppData\Local\Programs\MiKTeX\tex/latex/graphics-cfg\color.cfg
File: color.cfg 2016/01/02 v1.6 sample color configuration
)
Package xcolor Info: Driver file: pdftex.def on input line 274.
 (C:\Users\kunda\AppData\Local\Programs\MiKTeX\tex/latex/graphics-def\pdftex.def
File: pdftex.def 2025/09/29 v1.2d Graphics/color driver for pdftex
) (C:\Users\kunda\AppData\Local\Programs\MiKTeX\tex/latex/graphics\mathcolor.ltx)
Package xcolor Info: Model `cmy' substituted by `cmy0' on input line 1349.
Package xcolor Info: Model `hsb' substituted by `rgb' on input line 1353.
Package xcolor Info: Model `RGB' extended on input line 1365.
Package xcolor Info: Model `HTML' substituted by `rgb' on input line 1367.
Package xcolor Info: Model `Hsb' substituted by `hsb' on input line 1368.
Package xcolor Info: Model `tHsb' substituted by `hsb' on input line 1369.
Package xcolor Info: Model `HSB' substituted by `hsb' on input line 1370.
Package xcolor Info: Model `Gray' substituted by `gray' on input line 1371.
Package xcolor Info: Model `wave' substituted by `hsb' on input line 1372.
) (C:\Users\kunda\AppData\Local\Programs\MiKTeX\tex/latex/graphics\graphicx.sty
Package: graphicx 2024/12/31 v1.2e Enhanced LaTeX Graphics (DPC,SPQR)
 (C:\Users\kunda\AppData\Local\Programs\MiKTeX\tex/latex/graphics\graphics.sty
Package: graphics 2024/08/06 v1.4g Standard LaTeX Graphics (DPC,SPQR)
 (C:\Users\kunda\AppData\Local\Programs\MiKTeX\tex/latex/graphics\trig.sty
Package: trig 2023/12/02 v1.11 sin cos tan (DPC)
) (C:\Users\kunda\AppData\Local\Programs\MiKTeX\tex/latex/graphics-cfg\graphics.cfg
File: graphics.cfg 2016/06/04 v1.11 sample graphics configuration
)
Package graphics Info: Driver file: pdftex.def on input line 106.
)
\Gin@req@height=\dimen193
\Gin@req@width=\dimen194
) (C:\Users\kunda\AppData\Local\Programs\MiKTeX\tex/latex/algorithms\algorithm.sty
Package: algorithm 2009/08/24 v0.1 Document Style `algorithm' - floating environment
 (C:\Users\kunda\AppData\Local\Programs\MiKTeX\tex/latex/float\float.sty
Package: float 2001/11/08 v1.3d Float enhancements (AL)
\c@float@type=\count311
\float@exts=\toks36
\float@box=\box60
\@float@everytoks=\toks37
\@floatcapt=\box61
) (C:\Users\kunda\AppData\Local\Programs\MiKTeX\tex/latex/base\ifthen.sty
Package: ifthen 2024/03/16 v1.1e Standard LaTeX ifthen package (DPC)
)
\@float@every@algorithm=\toks38
\c@algorithm=\count312
) (C:\Users\kunda\AppData\Local\Programs\MiKTeX\tex/latex/algorithmicx\algpseudocode.sty
Package: algpseudocode 
 (C:\Users\kunda\AppData\Local\Programs\MiKTeX\tex/latex/algorithmicx\algorithmicx.sty
Package: algorithmicx 2005/04/27 v1.2 Algorithmicx

Document Style algorithmicx 1.2 - a greatly improved `algorithmic' style
\c@ALG@line=\count313
\c@ALG@rem=\count314
\c@ALG@nested=\count315
\ALG@tlm=\skip65
\ALG@thistlm=\skip66
\c@ALG@Lnr=\count316
\c@ALG@blocknr=\count317
\c@ALG@storecount=\count318
\c@ALG@tmpcounter=\count319
\ALG@tmplength=\skip67
)
Document Style - pseudocode environments for use with the `algorithmicx' style
) (C:\Users\kunda\AppData\Local\Programs\MiKTeX\tex/latex/natbib\natbib.sty
Package: natbib 2010/09/13 8.31b (PWD, AO)
\bibhang=\skip68
\bibsep=\skip69
LaTeX Info: Redefining \cite on input line 694.
\c@NAT@ctr=\count320
) (C:\Users\kunda\AppData\Local\Programs\MiKTeX\tex/latex/hyperref\hyperref.sty
Package: hyperref 2026-01-29 v7.01p Hypertext links for LaTeX
 (C:\Users\kunda\AppData\Local\Programs\MiKTeX\tex/latex/kvsetkeys\kvsetkeys.sty
Package: kvsetkeys 2022-10-05 v1.19 Key value parser (HO)
) (C:\Users\kunda\AppData\Local\Programs\MiKTeX\tex/generic/kvdefinekeys\kvdefinekeys.sty
Package: kvdefinekeys 2019-12-19 v1.6 Define keys (HO)
) (C:\Users\kunda\AppData\Local\Programs\MiKTeX\tex/generic/pdfescape\pdfescape.sty
Package: pdfescape 2019/12/09 v1.15 Implements pdfTeX's escape features (HO)
 (C:\Users\kunda\AppData\Local\Programs\MiKTeX\tex/generic/ltxcmds\ltxcmds.sty
Package: ltxcmds 2023-12-04 v1.26 LaTeX kernel commands for general use (HO)
) (C:\Users\kunda\AppData\Local\Programs\MiKTeX\tex/generic/pdftexcmds\pdftexcmds.sty
Package: pdftexcmds 2020-06-27 v0.33 Utility functions of pdfTeX for LuaTeX (HO)
 (C:\Users\kunda\AppData\Local\Programs\MiKTeX\tex/generic/infwarerr\infwarerr.sty
Package: infwarerr 2019/12/03 v1.5 Providing info/warning/error messages (HO)
)
Package pdftexcmds Info: \pdf@primitive is available.
Package pdftexcmds Info: \pdf@ifprimitive is available.
Package pdftexcmds Info: \pdfdraftmode found.
)) (C:\Users\kunda\AppData\Local\Programs\MiKTeX\tex/latex/hycolor\hycolor.sty
Package: hycolor 2020-01-27 v1.10 Color options for hyperref/bookmark (HO)
) (C:\Users\kunda\AppData\Local\Programs\MiKTeX\tex/latex/hyperref\nameref.sty
Package: nameref 2026-01-29 v2.58 Cross-referencing by name of section
 (C:\Users\kunda\AppData\Local\Programs\MiKTeX\tex/latex/refcount\refcount.sty
Package: refcount 2019/12/15 v3.6 Data extraction from label references (HO)
) (C:\Users\kunda\AppData\Local\Programs\MiKTeX\tex/generic/gettitlestring\gettitlestring.sty
Package: gettitlestring 2019/12/15 v1.6 Cleanup title references (HO)
 (C:\Users\kunda\AppData\Local\Programs\MiKTeX\tex/latex/kvoptions\kvoptions.sty
Package: kvoptions 2022-06-15 v3.15 Key value format for package options (HO)
))
\c@section@level=\count321
) (C:\Users\kunda\AppData\Local\Programs\MiKTeX\tex/generic/stringenc\stringenc.sty
Package: stringenc 2019/11/29 v1.12 Convert strings between diff. encodings (HO)
)
\@linkdim=\dimen195
\Hy@linkcounter=\count322
\Hy@pagecounter=\count323
 (C:\Users\kunda\AppData\Local\Programs\MiKTeX\tex/latex/hyperref\pd1enc.def
File: pd1enc.def 2026-01-29 v7.01p Hyperref: PDFDocEncoding definition (HO)
Now handling font encoding PD1 ...
... no UTF-8 mapping file for font encoding PD1
) (C:\Users\kunda\AppData\Local\Programs\MiKTeX\tex/generic/intcalc\intcalc.sty
Package: intcalc 2019/12/15 v1.3 Expandable calculations with integers (HO)
)
\Hy@SavedSpaceFactor=\count324
 (C:\Users\kunda\AppData\Local\Programs\MiKTeX\tex/latex/hyperref\puenc.def
File: puenc.def 2026-01-29 v7.01p Hyperref: PDF Unicode definition (HO)
Now handling font encoding PU ...
... no UTF-8 mapping file for font encoding PU
)
Package hyperref Info: Option `colorlinks' set `true' on input line 4072.
Package hyperref Info: Hyper figures OFF on input line 4201.
Package hyperref Info: Link nesting OFF on input line 4206.
Package hyperref Info: Hyper index ON on input line 4209.
Package hyperref Info: Plain pages OFF on input line 4216.
Package hyperref Info: Backreferencing OFF on input line 4221.
Package hyperref Info: Implicit mode ON; LaTeX internals redefined.
Package hyperref Info: Bookmarks ON on input line 4468.
\c@Hy@tempcnt=\count325
 (C:\Users\kunda\AppData\Local\Programs\MiKTeX\tex/latex/url\url.sty
\Urlmuskip=\muskip18
Package: url 2013/09/16  ver 3.4  Verb mode for urls, etc.
)
LaTeX Info: Redefining \url on input line 4807.
\XeTeXLinkMargin=\dimen196
 (C:\Users\kunda\AppData\Local\Programs\MiKTeX\tex/generic/bitset\bitset.sty
Package: bitset 2019/12/09 v1.3 Handle bit-vector datatype (HO)
 (C:\Users\kunda\AppData\Local\Programs\MiKTeX\tex/generic/bigintcalc\bigintcalc.sty
Package: bigintcalc 2019/12/15 v1.5 Expandable calculations on big integers (HO)
))
\Fld@menulength=\count326
\Field@Width=\dimen197
\Fld@charsize=\dimen198
Package hyperref Info: Hyper figures OFF on input line 6084.
Package hyperref Info: Link nesting OFF on input line 6089.
Package hyperref Info: Hyper index ON on input line 6092.
Package hyperref Info: backreferencing OFF on input line 6099.
Package hyperref Info: Link coloring ON on input line 6102.
Package hyperref Info: Link coloring with OCG OFF on input line 6109.
Package hyperref Info: PDF/A mode OFF on input line 6114.
\Hy@abspage=\count327
\c@Item=\count328
\c@Hfootnote=\count329
)
Package hyperref Info: Driver (autodetected): hpdftex.
 (C:\Users\kunda\AppData\Local\Programs\MiKTeX\tex/latex/hyperref\hpdftex.def
File: hpdftex.def 2026-01-29 v7.01p Hyperref driver for pdfTeX
\Fld@listcount=\count330
\c@bookmark@seq@number=\count331
 (C:\Users\kunda\AppData\Local\Programs\MiKTeX\tex/latex/rerunfilecheck\rerunfilecheck.sty
Package: rerunfilecheck 2025-06-21 v1.11 Rerun checks for auxiliary files (HO)
 (C:\Users\kunda\AppData\Local\Programs\MiKTeX\tex/generic/uniquecounter\uniquecounter.sty
Package: uniquecounter 2019/12/15 v1.4 Provide unlimited unique counter (HO)
)
Package uniquecounter Info: New unique counter `rerunfilecheck' on input line 284.
)
\Hy@SectionHShift=\skip70
) (C:\Users\kunda\AppData\Local\Programs\MiKTeX\tex/latex/cleveref\cleveref.sty
Package: cleveref 2018/03/27 v0.21.4 Intelligent cross-referencing
Package cleveref Info: `hyperref' support loaded on input line 2370.
LaTeX Info: Redefining \cref on input line 2370.
LaTeX Info: Redefining \Cref on input line 2370.
LaTeX Info: Redefining \crefrange on input line 2370.
LaTeX Info: Redefining \Crefrange on input line 2370.
LaTeX Info: Redefining \cpageref on input line 2370.
LaTeX Info: Redefining \Cpageref on input line 2370.
LaTeX Info: Redefining \cpagerefrange on input line 2370.
LaTeX Info: Redefining \Cpagerefrange on input line 2370.
LaTeX Info: Redefining \labelcref on input line 2370.
LaTeX Info: Redefining \labelcpageref on input line 2370.
Package cleveref Info: `amsthm' support loaded on input line 3026.
Package cleveref Info: `algorithmicx' support loaded on input line 3120.
)
==> First Aid for cleveref.sty applied!
\c@theorem=\count332
\c@axiom=\count333
LaTeX Font Info:    Trying to load font information for T1+lmr on input line 113.
(C:\Users\kunda\AppData\Local\Programs\MiKTeX\tex/latex/lm\t1lmr.fd
File: t1lmr.fd 2015/05/01 v1.6.1 Font defs for Latin Modern
) (C:\Users\kunda\AppData\Local\Programs\MiKTeX\tex/latex/l3backend\l3backend-pdftex.def
File: l3backend-pdftex.def 2025-10-09 L3 backend support: PDF output (pdfTeX)
\l__color_backend_stack_int=\count334
) (directional-model-ckg-catalogue.aux)
\openout1 = `directional-model-ckg-catalogue.aux'.

LaTeX Font Info:    Checking defaults for OML/cmm/m/it on input line 113.
LaTeX Font Info:    ... okay on input line 113.
LaTeX Font Info:    Checking defaults for OMS/cmsy/m/n on input line 113.
LaTeX Font Info:    ... okay on input line 113.
LaTeX Font Info:    Checking defaults for OT1/cmr/m/n on input line 113.
LaTeX Font Info:    ... okay on input line 113.
LaTeX Font Info:    Checking defaults for T1/cmr/m/n on input line 113.
LaTeX Font Info:    ... okay on input line 113.
LaTeX Font Info:    Checking defaults for TS1/cmr/m/n on input line 113.
LaTeX Font Info:    ... okay on input line 113.
LaTeX Font Info:    Checking defaults for OMX/cmex/m/n on input line 113.
LaTeX Font Info:    ... okay on input line 113.
LaTeX Font Info:    Checking defaults for U/cmr/m/n on input line 113.
LaTeX Font Info:    ... okay on input line 113.
LaTeX Font Info:    Checking defaults for PD1/pdf/m/n on input line 113.
LaTeX Font Info:    ... okay on input line 113.
LaTeX Font Info:    Checking defaults for PU/pdf/m/n on input line 113.
LaTeX Font Info:    ... okay on input line 113.

*geometry* driver: auto-detecting
*geometry* detected driver: pdftex
*geometry* verbose mode - [ preamble ] result:
* driver: pdftex
* paper: a4paper
* layout: <same size as paper>
* layoutoffset:(h,v)=(0.0pt,0.0pt)
* modes: 
* h-part:(L,W,R)=(59.75095pt, 478.00598pt, 59.75095pt)
* v-part:(T,H,B)=(59.75095pt, 725.54495pt, 59.75095pt)
* \paperwidth=597.50787pt
* \paperheight=845.04684pt
* \textwidth=478.00598pt
* \textheight=725.54495pt
* \oddsidemargin=-12.51904pt
* \evensidemargin=-12.51904pt
* \topmargin=-49.51904pt
* \headheight=12.0pt
* \headsep=25.0pt
* \topskip=11.0pt
* \footskip=30.0pt
* \marginparwidth=4.0pt
* \marginparsep=10.0pt
* \columnsep=15.6491pt
* \skip\footins=10.0pt plus 4.0pt minus 2.0pt
* \hoffset=0.0pt
* \voffset=0.0pt
* \mag=1000
* \@twocolumntrue
* \@twosidefalse
* \@mparswitchfalse
* \@reversemarginfalse
* (1in=72.27pt=25.4mm, 1cm=28.453pt)

LaTeX Info: Redefining \microtypecontext on input line 113.
Package microtype Info: Applying patch `item' on input line 113.
Package microtype Info: Applying patch `toc' on input line 113.
Package microtype Info: Applying patch `eqnum' on input line 113.
Package microtype Info: Applying patch `footnote' on input line 113.
Package microtype Info: Applying patch `verbatim' on input line 113.
LaTeX Info: Redefining \microtypesetup on input line 113.
Package microtype Info: Generating PDF output.
Package microtype Info: Character protrusion enabled (level 2).
Package microtype Info: Using default protrusion set `alltext'.
Package microtype Info: Automatic font expansion enabled (level 2),
(microtype)             stretch: 20, shrink: 20, step: 1, non-selected.
Package microtype Info: Using default expansion set `alltext-nott'.
Package microtype Info: Patching command `\showhyphens'.
Package microtype Info: No adjustment of tracking.
Package microtype Info: No adjustment of interword spacing.
Package microtype Info: No adjustment of character kerning.
(C:\Users\kunda\AppData\Local\Programs\MiKTeX\tex/latex/microtype\mt-cmr.cfg
File: mt-cmr.cfg 2013/05/19 v2.2 microtype config. file: Computer Modern Roman (RS)
) (C:\Users\kunda\AppData\Local\Programs\MiKTeX\tex/context/base/mkii\supp-pdf.mkii
[Loading MPS to PDF converter (version 2006.09.02).]
\scratchcounter=\count335
\scratchdimen=\dimen199
\scratchbox=\box62
\nofMPsegments=\count336
\nofMParguments=\count337
\everyMPshowfont=\toks39
\MPscratchCnt=\count338
\MPscratchDim=\dimen256
\MPnumerator=\count339
\makeMPintoPDFobject=\count340
\everyMPtoPDFconversion=\toks40
) (C:\Users\kunda\AppData\Local\Programs\MiKTeX\tex/latex/epstopdf-pkg\epstopdf-base.sty
Package: epstopdf-base 2020-01-24 v2.11 Base part for package epstopdf
Package epstopdf-base Info: Redefining graphics rule for `.eps' on input line 485.
 (C:\Users\kunda\AppData\Local\Programs\MiKTeX\tex/latex/00miktex\epstopdf-sys.cfg
File: epstopdf-sys.cfg 2021/03/18 v2.0 Configuration of epstopdf for MiKTeX
))
Package hyperref Info: Link coloring ON on input line 113.
 (directional-model-ckg-catalogue.out) (directional-model-ckg-catalogue.out)
\@outlinefile=\write3
\openout3 = `directional-model-ckg-catalogue.out'.

LaTeX Font Info:    Trying to load font information for OT1+lmr on input line 115.
 (C:\Users\kunda\AppData\Local\Programs\MiKTeX\tex/latex/lm\ot1lmr.fd
File: ot1lmr.fd 2015/05/01 v1.6.1 Font defs for Latin Modern
)
LaTeX Font Info:    Trying to load font information for OML+lmm on input line 115.
 (C:\Users\kunda\AppData\Local\Programs\MiKTeX\tex/latex/lm\omllmm.fd
File: omllmm.fd 2015/05/01 v1.6.1 Font defs for Latin Modern
)
LaTeX Font Info:    Trying to load font information for OMS+lmsy on input line 115.
 (C:\Users\kunda\AppData\Local\Programs\MiKTeX\tex/latex/lm\omslmsy.fd
File: omslmsy.fd 2015/05/01 v1.6.1 Font defs for Latin Modern
)
LaTeX Font Info:    Trying to load font information for OMX+lmex on input line 115.
 (C:\Users\kunda\AppData\Local\Programs\MiKTeX\tex/latex/lm\omxlmex.fd
File: omxlmex.fd 2015/05/01 v1.6.1 Font defs for Latin Modern
)
LaTeX Font Info:    External font `lmex10' loaded for size
(Font)              <12> on input line 115.
LaTeX Font Info:    External font `lmex10' loaded for size
(Font)              <8> on input line 115.
LaTeX Font Info:    External font `lmex10' loaded for size
(Font)              <6> on input line 115.
LaTeX Font Info:    Trying to load font information for U+msa on input line 115.
 (C:\Users\kunda\AppData\Local\Programs\MiKTeX\tex/latex/amsfonts\umsa.fd
File: umsa.fd 2013/01/14 v3.01 AMS symbols A
) (C:\Users\kunda\AppData\Local\Programs\MiKTeX\tex/latex/microtype\mt-msa.cfg
File: mt-msa.cfg 2006/02/04 v1.1 microtype config. file: AMS symbols (a) (RS)
)
LaTeX Font Info:    Trying to load font information for U+msb on input line 115.
 (C:\Users\kunda\AppData\Local\Programs\MiKTeX\tex/latex/amsfonts\umsb.fd
File: umsb.fd 2013/01/14 v3.01 AMS symbols B
) (C:\Users\kunda\AppData\Local\Programs\MiKTeX\tex/latex/microtype\mt-msb.cfg
File: mt-msb.cfg 2005/06/01 v1.0 microtype config. file: AMS symbols (b) (RS)
)
LaTeX Font Info:    Trying to load font information for U+rsfs on input line 115.
 (C:\Users\kunda\AppData\Local\Programs\MiKTeX\tex/latex/jknappen\ursfs.fd
File: ursfs.fd 1998/03/24 rsfs font definition file (jk)
)
LaTeX Font Info:    Trying to load font information for T1+lmtt on input line 115.
 (C:\Users\kunda\AppData\Local\Programs\MiKTeX\tex/latex/lm\t1lmtt.fd
File: t1lmtt.fd 2015/05/01 v1.6.1 Font defs for Latin Modern
)
Package microtype Info: Loading generic protrusion settings for font family
(microtype)             `lmtt' (encoding: T1).
(microtype)             For optimal results, create family-specific settings.
(microtype)             See the microtype manual for details.
LaTeX Font Info:    External font `lmex10' loaded for size
(Font)              <10.95> on input line 125.

Underfull \vbox (badness 1270) has occurred while \output is active []


Underfull \vbox (badness 10000) has occurred while \output is active []

 [1{C:/Users/kunda/AppData/Local/MiKTeX/fonts/map/pdftex/pdftex.map}{C:/Users/kunda/AppData/Local/Programs/MiKTeX/fonts/enc/dvips/lm/lm-ec.enc}


{C:/Users/kunda/AppData/Local/Programs/MiKTeX/fonts/enc/dvips/lm/lm-mathit.enc}{C:/Users/kunda/AppData/Local/Programs/MiKTeX/fonts/enc/dvips/lm/lm-rm.enc}{C:/Users/kunda/AppData/Local/Programs/MiKTeX/fonts/enc/dvips/lm/lm-mathsy.enc}] (directional-model-ckg-catalogue.toc [2])
\tf@toc=\write4
\openout4 = `directional-model-ckg-catalogue.toc'.


Overfull \hbox (63.0478pt too wide) detected at line 259
[]  \OT1/lmr/m/n/10.95 =  \OMS/lmsy/m/n/10.95 T\OT1/lmr/m/n/10.95 (\OML/lmm/m/it/10.95 v; \OMS/lmsy/m/n/10.95 f\OML/lmm/m/it/10.95 v\OMS/lmsy/m/n/10.95 g\OML/lmm/m/it/10.95 ; \OT1/lmr/m/n/10.95 ^^E[])\OML/lmm/m/it/10.95 ;  []  []\OT1/lmr/m/n/10.95 ^^E\OML/lmm/m/it/10.95 :
 []

[3{C:/Users/kunda/AppData/Local/Programs/MiKTeX/fonts/enc/dvips/lm/lm-mathex.enc}]

LaTeX Warning: Reference `sec:validation' on page 1 undefined on input line 347.

[4]
Underfull \hbox (badness 10000) in paragraph at lines 367--367
[]\T1/lmr/bx/n/14.4 (+20) Contact graphs and the
 []

LaTeX Font Info:    Trying to load font information for OT1+lmss on input line 385.
(C:\Users\kunda\AppData\Local\Programs\MiKTeX\tex/latex/lm\ot1lmss.fd
File: ot1lmss.fd 2015/05/01 v1.6.1 Font defs for Latin Modern
)
Package microtype Info: Loading generic protrusion settings for font family
(microtype)             `lmss' (encoding: OT1).
(microtype)             For optimal results, create family-specific settings.
(microtype)             See the microtype manual for details.
 [5] [6]
Overfull \hbox (54.33955pt too wide) detected at line 665
\OML/lmm/m/it/10.95 ^^_\OT1/lmr/m/n/10.95 (^^@)  :=  []\OML/lmm/m/it/10.95 ^^[\OT1/lmr/m/n/10.95 (\OML/lmm/m/it/10.95 v\OT1/lmr/m/n/10.95 )[][] [] [](^^@)\OML/lmm/m/it/10.95 ;
 []

<figures/panel_2_identity.png, id=501, 1215.94275pt x 276.43275pt>
File: figures/panel_2_identity.png Graphic file (type png)
<use figures/panel_2_identity.png>
Package pdftex.def Info: figures/panel_2_identity.png  used on input line 696.
(pdftex.def)             Requested size: 478.00598pt x 108.66881pt.
[7] [8 <./figures/panel_2_identity.png>] [9] [10]
<figures/panel_1_floor_blunting.png, id=620, 1216.84613pt x 276.43275pt>
File: figures/panel_1_floor_blunting.png Graphic file (type png)
<use figures/panel_1_floor_blunting.png>
Package pdftex.def Info: figures/panel_1_floor_blunting.png  used on input line 1066.
(pdftex.def)             Requested size: 478.00598pt x 108.58867pt.

Underfull \vbox (badness 3668) has occurred while \output is active []

 [11] [12 <./figures/panel_1_floor_blunting.png>] [13] [14]
LaTeX Font Info:    External font `lmex10' loaded for size
(Font)              <10> on input line 1362.
LaTeX Font Info:    External font `lmex10' loaded for size
(Font)              <7> on input line 1362.
LaTeX Font Info:    External font `lmex10' loaded for size
(Font)              <5> on input line 1362.

Overfull \hbox (125.143pt too wide) in paragraph at lines 1362--1371
 [][] 
 []


Underfull \hbox (badness 3679) in paragraph at lines 1417--1417
[]\T1/lmr/bx/n/14.4 (+20) Alignment, ac-count-abil-ity,
 []

[15]
Overfull \hbox (35.91988pt too wide) detected at line 1433
\OML/lmm/m/it/10.95 ^^[\OT1/lmr/m/n/10.95 (\OML/lmm/m/it/10.95 x; x[]\OT1/lmr/m/n/10.95 )  =  [] \OML/lmm/m/it/10.95 w\OT1/lmr/m/n/10.95 (\OML/lmm/m/it/10.95 @\OT1/lmr/m/n/10.95 (\OML/lmm/m/it/10.95 S\OT1/lmr/m/n/10.95 ))  \OMS/lmsy/m/n/10.95 2  \OT1/lmr/m/n/10.95 [\OML/lmm/m/it/10.95 ^^L; \OT1/lmr/m/n/10.95 
]\OML/lmm/m/it/10.95 ;  \OT1/lmr/m/n/10.95 
 := \OML/lmm/m/it/10.95 w\OT1/lmr/m/n/10.95 (\OML/lmm/m/it/10.95 E\OT1/lmr/m/n/10.95 )\OML/lmm/m/it/10.95 ;
 []


Underfull \hbox (badness 6364) in paragraph at lines 1433--1435
\T1/lmr/m/n/10.95 (+20) and the \T1/lmr/m/it/10.95 (+20) align-ment score \T1/lmr/m/n/10.95 (+20) is $\OML/lmm/m/it/10.95 a\OT1/lmr/m/n/10.95 (+20) (\OML/lmm/m/it/10.95 x; x[]\OT1/lmr/m/n/10.95 (+20) ) :=
 []


Underfull \hbox (badness 1622) in paragraph at lines 1495--1503
[]\T1/lmr/m/n/10.95 (+20) A \T1/lmr/m/it/10.95 (+20) pro-cess graph \T1/lmr/m/n/10.95 (+20) is a con-tact graph $\OT1/lmr/m/n/10.95 (+20) ^^E =
 []

[16]
Overfull \hbox (9.53824pt too wide) detected at line 1628
\OMS/lmsy/m/n/10.95 T\OT1/lmr/m/n/10.95 (\OML/lmm/m/it/10.95 v[]; x[]; \OT1/lmr/m/n/10.95 ^^E)  :=  []
 []

[17]
Overfull \hbox (1.45728pt too wide) detected at line 1723
[]\OT1/lmr/m/n/10.95 (\OML/lmm/m/it/10.95 v\OT1/lmr/m/n/10.95 )  =  \OMS/lmsy/m/n/10.95 T[]\OML/lmm/m/it/10.95 v;  v;  \OT1/lmr/m/n/10.95 ^^E[](\OML/lmm/m/it/10.95 v\OT1/lmr/m/n/10.95 )[] []\OML/lmm/m/it/10.95 v:
 []

[18]
<figures/panel_3_directional.png, id=851, 1217.2978pt x 276.43275pt>
File: figures/panel_3_directional.png Graphic file (type png)
<use figures/panel_3_directional.png>
Package pdftex.def Info: figures/panel_3_directional.png  used on input line 1863.
(pdftex.def)             Requested size: 478.00598pt x 108.54648pt.
 [19] [20 <./figures/panel_3_directional.png>] [21] [22]
<figures/panel_4_construction.png, id=962, 1213.68431pt x 276.43275pt>
File: figures/panel_4_construction.png Graphic file (type png)
<use figures/panel_4_construction.png>
Package pdftex.def Info: figures/panel_4_construction.png  used on input line 2150.
(pdftex.def)             Requested size: 478.00598pt x 108.87128pt.

Underfull \hbox (badness 1859) in paragraph at lines 2273--2275
[]\T1/lmr/bx/n/10.95 (+20) Corollary 13.7 \T1/lmr/m/n/10.95 (+20) (Sat-u-ra-tion di-chotomy)\T1/lmr/bx/n/10.95 (+20) . []\T1/lmr/m/it/10.95 (+20) A
 []

[23] [24 <./figures/panel_4_construction.png>]
Underfull \hbox (badness 5637) in paragraph at lines 2406--2412
[]\T1/lmr/m/n/10.95 (+20) Taking log-a-rithms of the ob-jec-tive,
 []

[25]
<figures/panel_5_probing.png, id=1043, 1211.42587pt x 276.43275pt>
File: figures/panel_5_probing.png Graphic file (type png)
<use figures/panel_5_probing.png>
Package pdftex.def Info: figures/panel_5_probing.png  used on input line 2499.
(pdftex.def)             Requested size: 478.00598pt x 109.07373pt.
 [26] [27 <./figures/panel_5_probing.png>]

LaTeX Warning: Reference `rem:validation-boundaries' on page 1 undefined on input line 2638.


Overfull \hbox (3.06606pt too wide) in paragraph at lines 2654--2656
[]$[]$ \T1/lmr/m/it/10.95 (-20) is a forward reachability from the target---
 []

[28]
Underfull \hbox (badness 4441) in paragraph at lines 2687--2690
[]\T1/lmr/m/n/10.95 (+20) Over-retention is The-o-rem [][]13.27[][](iii).
 []


Underfull \hbox (badness 1365) in paragraph at lines 2687--2690
\T1/lmr/m/n/10.95 (+20) The-o-rem [][]13.22[][], whose nat-u-ral ar-gu-ment is
 []


Overfull \hbox (3.04703pt too wide) in paragraph at lines 2738--2751
\T1/lmr/m/n/10.95 (-20) joint item clus-ters $\OML/lmm/m/it/10.95 A$ \T1/lmr/m/n/10.95 (-20) and $\OML/lmm/m/it/10.95 B$\T1/lmr/m/n/10.95 (-20) , each in-ter-nally dense---
 []

[29] [30]
Underfull \hbox (badness 10000) in paragraph at lines 2900--2904
[]\T1/lmr/m/n/10.95 (+20) Fix $\OML/lmm/m/it/10.95 n \OMS/lmsy/m/n/10.95 ^^U \OT1/lmr/m/n/10.95 (+20) 2$ \T1/lmr/m/n/10.95 (+20) and let $\OML/lmm/m/it/10.95 V \OT1/lmr/m/n/10.95 (+20) =
 []


Underfull \hbox (badness 6927) in paragraph at lines 2905--2908
[]\T1/lmr/m/n/10.95 (+20) Assign weights as fol-lows. In both,
 []


Overfull \hbox (56.6473pt too wide) detected at line 2933
\OML/lmm/m/it/10.95 ^^L[] \OT1/lmr/m/n/10.95 = [](2\OML/lmm/m/it/10.95 ; \OT1/lmr/m/n/10.95 2\OML/lmm/m/it/10.95 ; \OT1/lmr/m/n/10.95 2\OML/lmm/m/it/10.95 ; [] ; \OT1/lmr/m/n/10.95 2) = 2\OML/lmm/m/it/10.95 ;  ^^L[] \OT1/lmr/m/n/10.95 = [](2\OML/lmm/m/it/10.95 ; \OT1/lmr/m/n/10.95 2\OML/lmm/m/it/10.95 ; \OT1/lmr/m/n/10.95 1\OML/lmm/m/it/10.95 ; [] ; \OT1/lmr/m/n/10.95 1) = 1\OML/lmm/m/it/10.95 :
 []


Underfull \hbox (badness 1142) in paragraph at lines 2964--2974
[]\T1/lmr/m/n/10.95 (+20) By The-o-rem [][]15.3[][] and The-o-rem [][]15.4[][]
 []

[31]
Underfull \hbox (badness 1616) in paragraph at lines 3061--3067
[]\T1/lmr/bx/n/10.95 (+20) Corollary 15.11 \T1/lmr/m/n/10.95 (+20) (The sep-a-ra-tion, stated)\T1/lmr/bx/n/10.95 (+20) .
 []

<figures/panel_6_separation.png, id=1212, 1212.32925pt x 276.43275pt>
File: figures/panel_6_separation.png Graphic file (type png)
<use figures/panel_6_separation.png>
Package pdftex.def Info: figures/panel_6_separation.png  used on input line 3086.
(pdftex.def)             Requested size: 478.00598pt x 108.99359pt.
[32] [33 <./figures/panel_6_separation.png>]
Underfull \hbox (badness 2057) in paragraph at lines 3263--3266
[]\T1/lmr/bx/n/10.95 (+20) Proposition 17.7 \T1/lmr/m/n/10.95 (+20) (The in-vari-ants are in-
 []


Underfull \hbox (badness 1681) in paragraph at lines 3263--3266
\T1/lmr/m/n/10.95 (+20) de-pen-dent)\T1/lmr/bx/n/10.95 (+20) . []\T1/lmr/m/it/10.95 (+20) No in-vari-ant of The-o-rem [][]17.1[][]--
 []

[34]
Package hyperref Info: bookmark level for unknown algorithm defaults to 0 on input line 3302.

Underfull \hbox (badness 1412) in paragraph at lines 3312--3314
[] $\OML/lmm/m/it/10.95 c \OMS/lmsy/m/n/10.95  $ \T1/lmr/m/n/10.95 (+20) class of $\OML/lmm/m/it/10.95 ^^\[]$ \T1/lmr/m/n/10.95 (+20) un-der endpoint-
 []

Package microtype Info: Character `029' is missing
(microtype)             in font `T1/lmr/m/sc/10.95'.
(microtype)             Ignoring protrusion settings for this character.

Underfull \vbox (badness 10000) has occurred while \output is active []


Underfull \vbox (badness 10000) has occurred while \output is active []

 [35]
Underfull \hbox (badness 1325) in paragraph at lines 3373--3378
[]\T1/lmr/bx/n/10.95 (+20) Theorem 18.2 \T1/lmr/m/n/10.95 (+20) (De-ter-mi-na-tion cost)\T1/lmr/bx/n/10.95 (+20) . []\T1/lmr/m/it/10.95 (+20) Al-go-
 []


Underfull \hbox (badness 10000) in paragraph at lines 3425--3432
 []\T1/lmr/bx/n/10.95 (+20) Retrieval aug-men-ta-tion.[] \T1/lmr/m/n/10.95 (+20) Retrieval-
 []


Underfull \hbox (badness 2726) in paragraph at lines 3425--3432
\T1/lmr/m/n/10.95 (+20) augmented gen-er-a-tion ([][]Lewis et al.[][], [][]2020[][])
 []


Underfull \hbox (badness 2426) in paragraph at lines 3425--3432
\T1/lmr/m/n/10.95 (+20) com-po-nent re-gard-less of what is re-trieved:
 []

[36
pdfTeX warning (ext4): destination with the same identifier (name{ALG@line.1}) has been already used, duplicate ignored
<argument> ...shipout:D \box_use:N \l_shipout_box 
                                                  \__shipout_drop_firstpage_...
l.3450 
       
pdfTeX warning (ext4): destination with the same identifier (name{ALG@line.2}) has been already used, duplicate ignored
<argument> ...shipout:D \box_use:N \l_shipout_box 
                                                  \__shipout_drop_firstpage_...
l.3450 
       
pdfTeX warning (ext4): destination with the same identifier (name{ALG@line.3}) has been already used, duplicate ignored
<argument> ...shipout:D \box_use:N \l_shipout_box 
                                                  \__shipout_drop_firstpage_...
l.3450 
       
pdfTeX warning (ext4): destination with the same identifier (name{ALG@line.4}) has been already used, duplicate ignored
<argument> ...shipout:D \box_use:N \l_shipout_box 
                                                  \__shipout_drop_firstpage_...
l.3450 
       
pdfTeX warning (ext4): destination with the same identifier (name{ALG@line.5}) has been already used, duplicate ignored
<argument> ...shipout:D \box_use:N \l_shipout_box 
                                                  \__shipout_drop_firstpage_...
l.3450 
       
pdfTeX warning (ext4): destination with the same identifier (name{ALG@line.6}) has been already used, duplicate ignored
<argument> ...shipout:D \box_use:N \l_shipout_box 
                                                  \__shipout_drop_firstpage_...
l.3450 
       
pdfTeX warning (ext4): destination with the same identifier (name{ALG@line.7}) has been already used, duplicate ignored
<argument> ...shipout:D \box_use:N \l_shipout_box 
                                                  \__shipout_drop_firstpage_...
l.3450 
       
pdfTeX warning (ext4): destination with the same identifier (name{ALG@line.8}) has been already used, duplicate ignored
<argument> ...shipout:D \box_use:N \l_shipout_box 
                                                  \__shipout_drop_firstpage_...
l.3450 
       
pdfTeX warning (ext4): destination with the same identifier (name{ALG@line.9}) has been already used, duplicate ignored
<argument> ...shipout:D \box_use:N \l_shipout_box 
                                                  \__shipout_drop_firstpage_...
l.3450 
       
pdfTeX warning (ext4): destination with the same identifier (name{ALG@line.10}) has been already used, duplicate ignored
<argument> ...shipout:D \box_use:N \l_shipout_box 
                                                  \__shipout_drop_firstpage_...
l.3450 
       
pdfTeX warning (ext4): destination with the same identifier (name{ALG@line.11}) has been already used, duplicate ignored
<argument> ...shipout:D \box_use:N \l_shipout_box 
                                                  \__shipout_drop_firstpage_...
l.3450 
       
pdfTeX warning (ext4): destination with the same identifier (name{ALG@line.12}) has been already used, duplicate ignored
<argument> ...shipout:D \box_use:N \l_shipout_box 
                                                  \__shipout_drop_firstpage_...
l.3450 
       
pdfTeX warning (ext4): destination with the same identifier (name{ALG@line.13}) has been already used, duplicate ignored
<argument> ...shipout:D \box_use:N \l_shipout_box 
                                                  \__shipout_drop_firstpage_...
l.3450 
       
pdfTeX warning (ext4): destination with the same identifier (name{ALG@line.14}) has been already used, duplicate ignored
<argument> ...shipout:D \box_use:N \l_shipout_box 
                                                  \__shipout_drop_firstpage_...
l.3450 
       ] [37]
Underfull \hbox (badness 2401) in paragraph at lines 3554--3566
\T1/lmr/m/n/10.95 (+20) which any-thing is dis-tin-guished can-not be
 []


Underfull \vbox (badness 1466) has occurred while \output is active []

 [38] (directional-model-ckg-catalogue.bbl
Underfull \hbox (badness 1048) in paragraph at lines 23--28
[]\T1/lmr/m/n/10.95 (+20) Emily M. Ben-der, Timnit Ge-bru, An-gelina
 []


Underfull \hbox (badness 2165) in paragraph at lines 61--64
[]\T1/lmr/m/n/10.95 (+20) Thomas H. Cor-men, Charles E. Leis-er-son,
 []

[39]
Underfull \hbox (badness 1831) in paragraph at lines 133--136
[]\T1/lmr/m/n/10.95 (+20) Hans Kellerer, Ul-rich Pfer-schy, and David
 []


Underfull \hbox (badness 1082) in paragraph at lines 274--281
[]\T1/lmr/m/n/10.95 (+20) Barry Smith, Michael Ash-burner, Cor-nelius
 []

[40]) [41

] (directional-model-ckg-catalogue.aux)
 ***********
LaTeX2e <2025-11-01>
L3 programming layer <2026-01-19>
 ***********


LaTeX Warning: There were undefined references.

Package rerunfilecheck Info: File `directional-model-ckg-catalogue.out' has not changed.
(rerunfilecheck)             Checksum: 59452AFECF86A61D1899AF7FAD3A325D;11843.
 ) 
Here is how much of TeX's memory you used:
 18828 strings out of 467867
 310125 string characters out of 5418334
 794146 words of memory out of 5000000
 46556 multiletter control sequences out of 15000+600000
 785229 words of font info for 373 fonts, out of 8000000 for 9000
 1141 hyphenation exceptions out of 8191
 75i,11n,79p,3231b,757s stack positions out of 10000i,1000n,20000p,200000b,200000s
<C:/Users/kunda/AppData/Local/Programs/MiKTeX/fonts/type1/public/lm/lmbx10.pfb><C:/Users/kunda/AppData/Local/Programs/MiKTeX/fonts/type1/public/lm/lmbx12.pfb><C:/Users/kunda/AppData/Local/Programs/MiKTeX/fonts/type1/public/lm/lmbx8.pfb><C:/Users/kunda/AppData/Local/Programs/MiKTeX/fonts/type1/public/lm/lmbxi10.pfb><C:/Users/kunda/AppData/Local/Programs/MiKTeX/fonts/type1/public/lm/lmcsc10.pfb><C:/Users/kunda/AppData/Local/Programs/MiKTeX/fonts/type1/public/lm/lmex10.pfb><C:/Users/kunda/AppData/Local/Programs/MiKTeX/fonts/type1/public/lm/lmmi10.pfb><C:/Users/kunda/AppData/Local/Programs/MiKTeX/fonts/type1/public/lm/lmmi6.pfb><C:/Users/kunda/AppData/Local/Programs/MiKTeX/fonts/type1/public/lm/lmmi8.pfb><C:/Users/kunda/AppData/Local/Programs/MiKTeX/fonts/type1/public/lm/lmr10.pfb><C:/Users/kunda/AppData/Local/Programs/MiKTeX/fonts/type1/public/lm/lmr12.pfb><C:/Users/kunda/AppData/Local/Programs/MiKTeX/fonts/type1/public/lm/lmr8.pfb><C:/Users/kunda/AppData/Local/Programs/MiKTeX/fonts/type1/public/lm/lmr9.pfb><C:/Users/kunda/AppData/Local/Programs/MiKTeX/fonts/type1/public/lm/lmri10.pfb><C:/Users/kunda/AppData/Local/Programs/MiKTeX/fonts/type1/public/lm/lmss10.pfb><C:/Users/kunda/AppData/Local/Programs/MiKTeX/fonts/type1/public/lm/lmss8.pfb><C:/Users/kunda/AppData/Local/Programs/MiKTeX/fonts/type1/public/lm/lmsy10.pfb><C:/Users/kunda/AppData/Local/Programs/MiKTeX/fonts/type1/public/lm/lmsy6.pfb><C:/Users/kunda/AppData/Local/Programs/MiKTeX/fonts/type1/public/lm/lmsy8.pfb><C:/Users/kunda/AppData/Local/Programs/MiKTeX/fonts/type1/public/lm/lmtt10.pfb><C:/Users/kunda/AppData/Local/Programs/MiKTeX/fonts/type1/public/amsfonts/symbols/msam10.pfb><C:/Users/kunda/AppData/Local/Programs/MiKTeX/fonts/type1/public/amsfonts/symbols/msbm10.pfb>
Output written on directional-model-ckg-catalogue.pdf (41 pages, 2077571 bytes).
PDF statistics:
 1723 PDF objects out of 1728 (max. 8388607)
 397 named destinations out of 1000 (max. 500000)
 80879 words of extra memory for PDF output out of 89155 (max. 10000000)

