\BOOKMARK [0][-]{part.1}{\376\377\000I\000\040\000F\000o\000u\000n\000d\000a\000t\000i\000o\000n\000s}{}% 1
\BOOKMARK [1][-]{section.1}{\376\377\000I\000n\000t\000r\000o\000d\000u\000c\000t\000i\000o\000n}{part.1}% 2
\BOOKMARK [2][-]{subsection.1.1}{\376\377\000T\000h\000e\000\040\000p\000o\000s\000i\000t\000i\000o\000n\000\040\000t\000h\000i\000s\000\040\000p\000a\000p\000e\000r\000\040\000a\000t\000t\000a\000c\000k\000s}{section.1}% 3
\BOOKMARK [2][-]{subsection.1.2}{\376\377\000T\000h\000e\000\040\000r\000e\000m\000e\000d\000y\000\040\000i\000s\000\040\000a\000\040\000d\000i\000r\000e\000c\000t\000i\000o\000n\000,\000\040\000n\000o\000t\000\040\000a\000\040\000c\000o\000m\000p\000o\000n\000e\000n\000t}{section.1}% 4
\BOOKMARK [2][-]{subsection.1.3}{\376\377\000W\000h\000a\000t\000\040\000i\000d\000e\000n\000t\000i\000t\000y\000\040\000t\000u\000r\000n\000s\000\040\000o\000u\000t\000\040\000t\000o\000\040\000r\000e\000q\000u\000i\000r\000e}{section.1}% 5
\BOOKMARK [2][-]{subsection.1.4}{\376\377\000C\000o\000n\000t\000r\000i\000b\000u\000t\000i\000o\000n\000s}{section.1}% 6
\BOOKMARK [2][-]{subsection.1.5}{\376\377\000M\000e\000t\000h\000o\000d}{section.1}% 7
\BOOKMARK [1][-]{section.2}{\376\377\000C\000o\000n\000t\000a\000c\000t\000\040\000g\000r\000a\000p\000h\000s\000\040\000a\000n\000d\000\040\000t\000h\000e\000\040\000m\000e\000d\000i\000u\000m}{part.1}% 8
\BOOKMARK [1][-]{section.3}{\376\377\000T\000h\000e\000\040\000f\000l\000o\000o\000r\000,\000\040\000d\000e\000r\000i\000v\000e\000d}{part.1}% 9
\BOOKMARK [1][-]{section.4}{\376\377\000I\000n\000d\000i\000v\000i\000d\000u\000a\000t\000i\000o\000n\000\040\000b\000y\000\040\000n\000e\000g\000a\000t\000i\000o\000n}{part.1}% 10
\BOOKMARK [1][-]{section.5}{\376\377\000I\000d\000e\000n\000t\000i\000t\000y\000\040\000i\000s\000\040\000t\000h\000e\000\040\000i\000n\000v\000a\000r\000i\000a\000n\000t\000\040\000c\000u\000t}{part.1}% 11
\BOOKMARK [1][-]{section.6}{\376\377\000T\000h\000e\000\040\000r\000e\000c\000o\000r\000d\000,\000\040\000a\000n\000d\000\040\000w\000h\000y\000\040\000i\000t\000\040\000c\000a\000n\000n\000o\000t\000\040\000b\000e\000\040\000u\000n\000d\000o\000n\000e}{part.1}% 12
\BOOKMARK [1][-]{section.7}{\376\377\000T\000h\000e\000\040\000s\000e\000l\000f\000-\000b\000l\000u\000n\000t\000i\000n\000g\000\040\000i\000n\000s\000t\000r\000u\000m\000e\000n\000t}{part.1}% 13
\BOOKMARK [2][-]{subsection.7.1}{\376\377\000T\000h\000e\000\040\000s\000t\000a\000t\000e\000l\000e\000s\000s\000\040\000p\000r\000e\000d\000i\000c\000t\000o\000r\000\040\000o\000c\000c\000u\000p\000i\000e\000s\000\040\000t\000h\000e\000\040\000f\000o\000r\000b\000i\000d\000d\000e\000n\000\040\000p\000o\000s\000i\000t\000i\000o\000n}{section.7}% 14
\BOOKMARK [2][-]{subsection.7.2}{\376\377\000S\000t\000a\000l\000e\000n\000e\000s\000s\000\040\000a\000n\000d\000\040\000r\000e\000i\000f\000i\000c\000a\000t\000i\000o\000n\000:\000\040\000t\000w\000o\000\040\000v\000i\000s\000i\000b\000l\000e\000\040\000s\000y\000m\000p\000t\000o\000m\000s}{section.7}% 15
\BOOKMARK [1][-]{section.8}{\376\377\000W\000h\000a\000t\000\040\000a\000\040\000s\000t\000r\000u\000c\000t\000u\000r\000e\000\040\000c\000a\000n\000n\000o\000t\000\040\000k\000n\000o\000w\000\040\000a\000b\000o\000u\000t\000\040\000i\000t\000s\000e\000l\000f}{part.1}% 16
\BOOKMARK [1][-]{section.9}{\376\377\000T\000h\000e\000\040\000i\000d\000e\000n\000t\000i\000t\000y\000\040\000c\000r\000i\000t\000e\000r\000i\000o\000n}{part.1}% 17
\BOOKMARK [2][-]{subsection.9.1}{\376\377\000N\000e\000i\000t\000h\000e\000r\000\040\000c\000o\000m\000p\000o\000n\000e\000n\000t\000\040\000s\000u\000f\000f\000i\000c\000e\000s\000\040\000a\000l\000o\000n\000e}{section.9}% 18
\BOOKMARK [2][-]{subsection.9.2}{\376\377\000T\000e\000r\000m\000i\000n\000a\000t\000i\000o\000n\000\040\000i\000s\000\040\000t\000h\000e\000\040\000o\000p\000e\000r\000a\000t\000i\000v\000e\000\040\000c\000r\000i\000t\000e\000r\000i\000o\000n}{section.9}% 19
\BOOKMARK [0][-]{part.2}{\376\377\000I\000I\000\040\000T\000h\000e\000\040\000C\000a\000u\000s\000a\000l\000\040\000P\000r\000o\000p\000a\000g\000a\000t\000i\000o\000n\000\040\000T\000a\000b\000l\000e}{}% 20
\BOOKMARK [1][-]{section.10}{\376\377\000A\000l\000i\000g\000n\000m\000e\000n\000t\000,\000\040\000a\000c\000c\000o\000u\000n\000t\000a\000b\000i\000l\000i\000t\000y\000,\000\040\000a\000n\000d\000\040\000p\000r\000o\000p\000a\000g\000a\000t\000i\000o\000n}{part.2}% 21
\BOOKMARK [2][-]{subsection.10.1}{\376\377\000A\000l\000i\000g\000n\000m\000e\000n\000t}{section.10}% 22
\BOOKMARK [2][-]{subsection.10.2}{\376\377\000T\000h\000e\000\040\000r\000e\000s\000i\000d\000u\000a\000l\000,\000\040\000a\000c\000c\000o\000u\000n\000t\000a\000b\000i\000l\000i\000t\000y\000,\000\040\000a\000n\000d\000\040\000t\000h\000e\000\040\000f\000l\000o\000o\000r\000\040\000o\000f\000\040\000a\000\040\000s\000y\000s\000t\000e\000m}{section.10}% 23
\BOOKMARK [2][-]{subsection.10.3}{\376\377\000P\000r\000o\000c\000e\000s\000s\000e\000s\000\040\000a\000n\000d\000\040\000p\000r\000o\000p\000a\000g\000a\000t\000i\000o\000n\000s}{section.10}% 24
\BOOKMARK [2][-]{subsection.10.4}{\376\377\000R\000e\000p\000r\000e\000s\000e\000n\000t\000a\000t\000i\000o\000n\000\040\000m\000o\000b\000i\000l\000i\000t\000y}{section.10}% 25
\BOOKMARK [2][-]{subsection.10.5}{\376\377\000T\000h\000e\000\040\000t\000a\000b\000l\000e}{section.10}% 26
\BOOKMARK [0][-]{part.3}{\376\377\000I\000I\000I\000\040\000T\000h\000e\000\040\000D\000i\000r\000e\000c\000t\000i\000o\000n\000a\000l\000\040\000P\000a\000i\000r}{}% 27
\BOOKMARK [1][-]{section.11}{\376\377\000T\000h\000e\000\040\000c\000a\000t\000a\000l\000o\000g\000u\000e\000\040\000i\000s\000\040\000t\000h\000e\000\040\000t\000a\000b\000l\000e\000\040\000a\000t\000\040\000r\000e\000s\000t}{part.3}% 28
\BOOKMARK [2][-]{subsection.11.1}{\376\377\000T\000h\000e\000\040\000r\000e\000s\000t\000i\000n\000g\000\040\000c\000a\000t\000a\000l\000o\000g\000u\000e}{section.11}% 29
\BOOKMARK [2][-]{subsection.11.2}{\376\377\000T\000h\000e\000\040\000p\000a\000i\000r}{section.11}% 30
\BOOKMARK [2][-]{subsection.11.3}{\376\377\000W\000h\000a\000t\000\040\000t\000h\000e\000\040\000p\000a\000i\000r\000\040\000i\000n\000h\000e\000r\000i\000t\000s}{section.11}% 31
\BOOKMARK [0][-]{part.4}{\376\377\000I\000V\000\040\000C\000o\000n\000s\000t\000r\000u\000c\000t\000i\000o\000n\000\040\000a\000n\000d\000\040\000P\000r\000o\000b\000i\000n\000g}{}% 32
\BOOKMARK [1][-]{section.12}{\376\377\000C\000o\000n\000s\000t\000r\000u\000c\000t\000i\000o\000n\000:\000\040\000t\000h\000e\000\040\000t\000e\000r\000m\000\040\000m\000a\000p\000\040\000i\000s\000\040\000t\000h\000e\000\040\000o\000n\000l\000y\000\040\000d\000e\000c\000l\000a\000r\000e\000d\000\040\000i\000n\000p\000u\000t}{part.4}% 33
\BOOKMARK [2][-]{subsection.12.1}{\376\377\000T\000h\000e\000\040\000t\000e\000r\000m\000\040\000m\000a\000p}{section.12}% 34
\BOOKMARK [2][-]{subsection.12.2}{\376\377\000T\000h\000e\000\040\000f\000l\000o\000o\000r\000\040\000a\000s\000\040\000a\000\040\000q\000u\000a\000l\000i\000t\000y\000\040\000r\000e\000a\000d\000o\000u\000t}{section.12}% 35
\BOOKMARK [2][-]{subsection.12.3}{\376\377\000C\000o\000n\000s\000t\000r\000u\000c\000t\000i\000o\000n\000\040\000i\000s\000\040\000i\000t\000s\000e\000l\000f\000\040\000a\000\040\000d\000e\000t\000e\000r\000m\000i\000n\000a\000t\000i\000o\000n}{section.12}% 36
\BOOKMARK [1][-]{section.13}{\376\377\000P\000r\000o\000b\000i\000n\000g\000:\000\040\000m\000a\000n\000y\000\040\000d\000e\000t\000e\000r\000m\000i\000n\000e\000r\000s\000\040\000o\000v\000e\000r\000\040\000o\000n\000e\000\040\000g\000r\000a\000p\000h}{part.4}% 37
\BOOKMARK [2][-]{subsection.13.1}{\376\377\000P\000r\000o\000b\000e\000s\000\040\000a\000n\000d\000\040\000p\000r\000o\000b\000i\000n\000g\000\040\000p\000o\000w\000e\000r}{section.13}% 38
\BOOKMARK [2][-]{subsection.13.2}{\376\377\000C\000o\000m\000p\000o\000s\000i\000t\000i\000o\000n\000\040\000i\000s\000\040\000m\000u\000l\000t\000i\000p\000l\000i\000c\000a\000t\000i\000v\000e}{section.13}% 39
\BOOKMARK [2][-]{subsection.13.3}{\376\377\000C\000o\000h\000e\000r\000e\000n\000c\000e\000\040\000r\000e\000q\000u\000i\000r\000e\000s\000\040\000t\000h\000r\000e\000e}{section.13}% 40
\BOOKMARK [2][-]{subsection.13.4}{\376\377\000D\000i\000v\000i\000d\000i\000n\000g\000\040\000a\000\040\000f\000i\000n\000i\000t\000e\000\040\000p\000r\000o\000b\000i\000n\000g\000\040\000b\000u\000d\000g\000e\000t}{section.13}% 41
\BOOKMARK [2][-]{subsection.13.5}{\376\377\000F\000i\000n\000d\000i\000n\000g\000\040\000a\000n\000d\000\040\000p\000r\000u\000n\000i\000n\000g\000\040\000a\000r\000e\000\040\000d\000i\000f\000f\000e\000r\000e\000n\000t\000\040\000o\000p\000e\000r\000a\000t\000i\000o\000n\000s}{section.13}% 42
\BOOKMARK [1][-]{section.14}{\376\377\000T\000e\000r\000m\000i\000n\000a\000t\000i\000o\000n\000:\000\040\000c\000l\000o\000s\000u\000r\000e\000,\000\040\000a\000n\000d\000\040\000t\000h\000e\000\040\000h\000o\000n\000e\000s\000t\000\040\000d\000e\000c\000l\000i\000n\000e}{part.4}% 43
\BOOKMARK [0][-]{part.5}{\376\377\000V\000\040\000T\000h\000e\000\040\000S\000e\000p\000a\000r\000a\000t\000i\000o\000n}{}% 44
\BOOKMARK [1][-]{section.15}{\376\377\000W\000h\000a\000t\000\040\000a\000\040\000s\000t\000o\000r\000e\000\040\000o\000f\000\040\000l\000o\000c\000a\000l\000\040\000c\000o\000n\000t\000e\000n\000t\000\040\000c\000a\000n\000n\000o\000t\000\040\000e\000x\000p\000r\000e\000s\000s}{part.5}% 45
\BOOKMARK [2][-]{subsection.15.1}{\376\377\000T\000w\000o\000\040\000k\000i\000n\000d\000s\000\040\000o\000f\000\040\000q\000u\000e\000s\000t\000i\000o\000n}{section.15}% 46
\BOOKMARK [2][-]{subsection.15.2}{\376\377\000T\000h\000e\000\040\000s\000e\000p\000a\000r\000a\000t\000i\000o\000n}{section.15}% 47
\BOOKMARK [2][-]{subsection.15.3}{\376\377\000T\000h\000e\000\040\000s\000e\000p\000a\000r\000a\000t\000i\000o\000n\000\040\000e\000x\000t\000e\000n\000d\000s\000\040\000t\000o\000\040\000c\000o\000r\000p\000u\000s\000-\000t\000r\000a\000i\000n\000e\000d\000\040\000p\000r\000e\000d\000i\000c\000t\000o\000r\000s}{section.15}% 48
\BOOKMARK [1][-]{section.16}{\376\377\000T\000h\000e\000\040\000m\000a\000s\000t\000e\000r\000\040\000e\000q\000u\000i\000v\000a\000l\000e\000n\000c\000e}{part.5}% 49
\BOOKMARK [0][-]{part.6}{\376\377\000V\000I\000\040\000A\000r\000c\000h\000i\000t\000e\000c\000t\000u\000r\000e\000,\000\040\000V\000a\000l\000i\000d\000a\000t\000i\000o\000n\000,\000\040\000a\000n\000d\000\040\000S\000c\000o\000p\000e}{}% 50
\BOOKMARK [1][-]{section.17}{\376\377\000T\000h\000e\000\040\000b\000l\000u\000e\000p\000r\000i\000n\000t}{part.6}% 51
\BOOKMARK [1][-]{section.18}{\376\377\000A\000l\000g\000o\000r\000i\000t\000h\000m\000s}{part.6}% 52
\BOOKMARK [1][-]{section.19}{\376\377\000D\000i\000s\000c\000u\000s\000s\000i\000o\000n}{part.6}% 53
\BOOKMARK [2][-]{subsection.19.1}{\376\377\000R\000e\000l\000a\000t\000i\000o\000n\000\040\000t\000o\000\040\000e\000x\000i\000s\000t\000i\000n\000g\000\040\000p\000r\000a\000c\000t\000i\000c\000e}{section.19}% 54
\BOOKMARK [2][-]{subsection.19.2}{\376\377\000W\000h\000a\000t\000\040\000t\000h\000e\000\040\000d\000e\000v\000e\000l\000o\000p\000m\000e\000n\000t\000\040\000a\000s\000s\000u\000m\000e\000s\000\040\000a\000n\000d\000\040\000d\000o\000e\000s\000\040\000n\000o\000t\000\040\000s\000u\000p\000p\000l\000y}{section.19}% 55
\BOOKMARK [2][-]{subsection.19.3}{\376\377\000H\000o\000n\000e\000s\000t\000\040\000l\000i\000m\000i\000t\000a\000t\000i\000o\000n\000s}{section.19}% 56
\BOOKMARK [2][-]{subsection.19.4}{\376\377\000T\000h\000e\000\040\000p\000i\000c\000t\000u\000r\000e\000\040\000i\000n\000\040\000o\000n\000e\000\040\000s\000t\000a\000t\000e\000m\000e\000n\000t}{section.19}% 57
\BOOKMARK [1][-]{section.20}{\376\377\000C\000o\000n\000c\000l\000u\000s\000i\000o\000n}{part.6}% 58
