\BOOKMARK [1][-]{section.1}{\376\377\000I\000n\000t\000r\000o\000d\000u\000c\000t\000i\000o\000n}{}% 1
\BOOKMARK [2][-]{subsection.1.1}{\376\377\000T\000h\000e\000\040\000p\000r\000o\000b\000l\000e\000m\000\040\000a\000s\000\040\000u\000s\000u\000a\000l\000l\000y\000\040\000p\000o\000s\000e\000d\000,\000\040\000a\000n\000d\000\040\000w\000h\000y\000\040\000i\000t\000\040\000i\000s\000\040\000p\000o\000s\000e\000d\000\040\000w\000r\000o\000n\000g\000l\000y}{section.1}% 2
\BOOKMARK [2][-]{subsection.1.2}{\376\377\000W\000h\000a\000t\000\040\000t\000h\000i\000s\000\040\000p\000a\000p\000e\000r\000\040\000c\000o\000n\000t\000r\000i\000b\000u\000t\000e\000s}{section.1}% 3
\BOOKMARK [2][-]{subsection.1.3}{\376\377\000M\000e\000t\000h\000o\000d\000\040\000a\000n\000d\000\040\000s\000c\000o\000p\000e}{section.1}% 4
\BOOKMARK [0][-]{part.1}{\376\377\000I\000\040\000A\000c\000q\000u\000i\000s\000i\000t\000i\000o\000n\000:\000\040\000W\000h\000e\000r\000e\000\040\000C\000o\000m\000p\000e\000t\000e\000n\000c\000e\000\040\000S\000h\000o\000u\000l\000d\000\040\000B\000e\000\040\000T\000r\000a\000i\000n\000e\000d}{}% 5
\BOOKMARK [1][-]{section.2}{\376\377\000T\000a\000s\000k\000\040\000d\000o\000m\000a\000i\000n\000s\000\040\000a\000n\000d\000\040\000t\000h\000e\000\040\000e\000x\000t\000r\000e\000m\000a\000l\000\040\000r\000e\000g\000i\000m\000e}{part.1}% 6
\BOOKMARK [1][-]{section.3}{\376\377\000T\000h\000e\000\040\000I\000n\000c\000l\000u\000s\000i\000o\000n\000\040\000T\000h\000e\000o\000r\000e\000m}{part.1}% 7
\BOOKMARK [1][-]{section.4}{\376\377\000S\000a\000m\000p\000l\000e\000\040\000c\000o\000m\000p\000l\000e\000x\000i\000t\000y\000\040\000a\000n\000d\000\040\000t\000h\000e\000\040\000D\000o\000m\000a\000i\000n\000\040\000C\000o\000n\000t\000r\000a\000c\000t}{part.1}% 8
\BOOKMARK [0][-]{part.2}{\376\377\000I\000I\000\040\000C\000o\000m\000p\000o\000s\000i\000t\000i\000o\000n\000:\000\040\000H\000o\000w\000\040\000S\000e\000v\000e\000r\000a\000l\000\040\000M\000o\000d\000e\000l\000s\000\040\000S\000h\000o\000u\000l\000d\000\040\000B\000e\000\040\000C\000o\000m\000b\000i\000n\000e\000d}{}% 9
\BOOKMARK [1][-]{section.5}{\376\377\000B\000o\000u\000n\000d\000e\000d\000\040\000r\000e\000c\000e\000i\000v\000e\000r\000s\000\040\000a\000n\000d\000\040\000t\000h\000e\000\040\000f\000l\000o\000o\000r}{part.2}% 10
\BOOKMARK [1][-]{section.6}{\376\377\000T\000h\000e\000\040\000F\000e\000d\000e\000r\000a\000t\000i\000o\000n\000\040\000T\000h\000e\000o\000r\000e\000m}{part.2}% 11
\BOOKMARK [1][-]{section.7}{\376\377\000T\000h\000e\000\040\000C\000a\000s\000c\000a\000d\000e\000\040\000T\000h\000e\000o\000r\000e\000m}{part.2}% 12
\BOOKMARK [1][-]{section.8}{\376\377\000T\000h\000e\000\040\000M\000i\000n\000i\000m\000u\000m\000\040\000L\000o\000o\000p\000\040\000T\000h\000e\000o\000r\000e\000m}{part.2}% 13
\BOOKMARK [0][-]{part.3}{\376\377\000I\000I\000I\000\040\000V\000e\000r\000i\000f\000i\000c\000a\000t\000i\000o\000n\000\040\000W\000i\000t\000h\000o\000u\000t\000\040\000D\000i\000s\000c\000l\000o\000s\000u\000r\000e}{}% 14
\BOOKMARK [1][-]{section.9}{\376\377\000O\000p\000a\000q\000u\000e\000\040\000p\000a\000i\000r\000s}{part.3}% 15
\BOOKMARK [1][-]{section.10}{\376\377\000T\000h\000e\000\040\000Q\000u\000i\000e\000s\000c\000e\000n\000c\000e\000\040\000T\000h\000e\000o\000r\000e\000m}{part.3}% 16
\BOOKMARK [1][-]{section.11}{\376\377\000T\000h\000e\000\040\000R\000o\000u\000t\000e\000-\000A\000u\000d\000i\000t\000\040\000T\000h\000e\000o\000r\000e\000m}{part.3}% 17
\BOOKMARK [0][-]{part.4}{\376\377\000I\000V\000\040\000T\000h\000e\000\040\000N\000e\000w\000\040\000R\000e\000s\000u\000l\000t\000:\000\040\000V\000e\000r\000i\000f\000i\000c\000a\000t\000i\000o\000n\000\040\000I\000s\000\040\000a\000\040\000R\000e\000c\000e\000i\000v\000e\000r}{}% 18
\BOOKMARK [1][-]{section.12}{\376\377\000T\000h\000e\000\040\000V\000e\000r\000i\000f\000i\000c\000a\000t\000i\000o\000n\000-\000F\000l\000o\000o\000r\000\040\000T\000h\000e\000o\000r\000e\000m}{part.4}% 19
\BOOKMARK [0][-]{part.5}{\376\377\000V\000\040\000A\000r\000c\000h\000i\000t\000e\000c\000t\000u\000r\000e}{}% 20
\BOOKMARK [1][-]{section.13}{\376\377\000A\000c\000c\000o\000u\000n\000t\000a\000b\000l\000e\000\040\000C\000o\000m\000p\000i\000l\000a\000t\000i\000o\000n}{part.5}% 21
\BOOKMARK [2][-]{subsection.13.1}{\376\377\000L\000a\000y\000e\000r\000\040\0001\000:\000\040\000a\000c\000q\000u\000i\000s\000i\000t\000i\000o\000n}{section.13}% 22
\BOOKMARK [2][-]{subsection.13.2}{\376\377\000L\000a\000y\000e\000r\000\040\0002\000:\000\040\000c\000o\000m\000p\000o\000s\000i\000t\000i\000o\000n}{section.13}% 23
\BOOKMARK [2][-]{subsection.13.3}{\376\377\000L\000a\000y\000e\000r\000\040\0003\000:\000\040\000c\000r\000o\000s\000s\000-\000d\000o\000m\000a\000i\000n\000\040\000v\000e\000r\000i\000f\000i\000c\000a\000t\000i\000o\000n}{section.13}% 24
\BOOKMARK [1][-]{section.14}{\376\377\000W\000o\000r\000k\000e\000d\000\040\000i\000n\000s\000t\000a\000n\000t\000i\000a\000t\000i\000o\000n}{part.5}% 25
\BOOKMARK [1][-]{section.15}{\376\377\000V\000a\000l\000i\000d\000a\000t\000i\000o\000n}{part.5}% 26
\BOOKMARK [1][-]{section.16}{\376\377\000D\000i\000s\000c\000u\000s\000s\000i\000o\000n\000,\000\040\000s\000c\000o\000p\000e\000,\000\040\000a\000n\000d\000\040\000l\000i\000m\000i\000t\000a\000t\000i\000o\000n\000s}{part.5}% 27
\BOOKMARK [2][-]{subsection.16.1}{\376\377\000S\000c\000o\000p\000e\000\040\000c\000o\000n\000d\000i\000t\000i\000o\000n\000s}{section.16}% 28
\BOOKMARK [2][-]{subsection.16.2}{\376\377\000W\000h\000a\000t\000\040\000t\000h\000e\000\040\000v\000e\000r\000i\000f\000i\000c\000a\000t\000i\000o\000n\000-\000f\000l\000o\000o\000r\000\040\000r\000e\000s\000u\000l\000t\000\040\000d\000o\000e\000s\000\040\000n\000o\000t\000\040\000c\000l\000a\000i\000m}{section.16}% 29
\BOOKMARK [2][-]{subsection.16.3}{\376\377\000O\000p\000e\000n\000\040\000p\000r\000o\000b\000l\000e\000m\000s}{section.16}% 30
\BOOKMARK [2][-]{subsection.16.4}{\376\377\000C\000o\000n\000c\000l\000u\000s\000i\000o\000n}{section.16}% 31
